[phase2b] instances=150 endpoints=['http://c561-007.stampede3.tacc.utexas.edu:30000/v1']
[phase2b] controller={'enabled': True, 'policy': 'mandatory_k2', 'min_trajectories': 2, 'max_trajectories': 4, 'abstain_on_no_agreement': True, 'failure_override': True, 'generate_shadows': True}
[phase2b] deadline in 47.30 h (reserving 30 min)
[phase2b] 1/150 crispr_delivery/i0010 done depth=2 action=ACCEPT | 12.3 min elapsed
[phase2b] 2/150 crispr_delivery/i0007 done depth=2 action=ACCEPT | 14.8 min elapsed
[phase2b] 3/150 crispr_delivery/i0042 done depth=2 action=ACCEPT | 19.2 min elapsed
[phase2b] 4/150 gwas_causal_gene_gwas_catalog/i0085 done depth=2 action=ACCEPT | 21.3 min elapsed
[phase2b] 5/150 crispr_delivery/i0038 done depth=2 action=ACCEPT | 24.4 min elapsed
[phase2b] 6/150 gwas_causal_gene_gwas_catalog/i0128 done depth=4 action=ABSTAIN | 28.7 min elapsed
[phase2b] 7/150 gwas_causal_gene_gwas_catalog/i0064 done depth=3 action=ACCEPT | 33.9 min elapsed
[phase2b] 8/150 crispr_delivery/i0018 done depth=3 action=ACCEPT | 35.1 min elapsed
[phase2b] 9/150 gwas_causal_gene_gwas_catalog/i0170 done depth=3 action=ACCEPT | 37.7 min elapsed
[phase2b] 10/150 gwas_causal_gene_gwas_catalog/i0134 done depth=4 action=ACCEPT | 38.7 min elapsed
[phase2b] 11/150 gwas_causal_gene_gwas_catalog/i0156 done depth=4 action=ACCEPT | 44.4 min elapsed
[phase2b] 12/150 gwas_causal_gene_gwas_catalog/i0230 done depth=3 action=ACCEPT | 45.5 min elapsed
[phase2b] 13/150 gwas_causal_gene_gwas_catalog/i0418 done depth=2 action=ACCEPT | 52.5 min elapsed
[phase2b] 14/150 gwas_causal_gene_gwas_catalog/i0138 done depth=3 action=ACCEPT | 53.8 min elapsed
[phase2b] 15/150 gwas_causal_gene_gwas_catalog/i0379 done depth=4 action=ACCEPT | 58.4 min elapsed
[phase2b] 16/150 gwas_causal_gene_gwas_catalog/i0492 done depth=4 action=ABSTAIN | 64.4 min elapsed
[phase2b] 17/150 gwas_causal_gene_gwas_catalog/i0568 done depth=3 action=ACCEPT | 64.6 min elapsed
[phase2b] 18/150 gwas_causal_gene_gwas_catalog/i0541 done depth=3 action=ACCEPT | 71.9 min elapsed
[phase2b] 19/150 gwas_causal_gene_gwas_catalog/i0601 done depth=2 action=ACCEPT | 72.1 min elapsed
[phase2b] 20/150 gwas_causal_gene_gwas_catalog/i0630 done depth=4 action=ACCEPT | 72.8 min elapsed
[phase2b] 21/150 gwas_causal_gene_opentargets/i0240 done depth=2 action=ACCEPT | 73.6 min elapsed
[phase2b] 22/150 gwas_causal_gene_opentargets/i0004 done depth=2 action=ACCEPT | 80.1 min elapsed
[phase2b] 23/150 gwas_causal_gene_opentargets/i0392 done depth=2 action=ACCEPT | 81.6 min elapsed
[phase2b] 24/150 gwas_causal_gene_opentargets/i0047 done depth=2 action=ACCEPT | 87.1 min elapsed
[phase2b] 25/150 gwas_causal_gene_opentargets/i0546 done depth=3 action=ACCEPT | 88.0 min elapsed
[phase2b] 26/150 gwas_causal_gene_opentargets/i0397 done depth=3 action=ACCEPT | 89.9 min elapsed
[phase2b] 27/150 gwas_causal_gene_opentargets/i0563 done depth=2 action=ACCEPT | 92.7 min elapsed
[phase2b] 28/150 gwas_causal_gene_opentargets/i0540 done depth=2 action=ACCEPT | 92.8 min elapsed
[phase2b] 29/150 gwas_causal_gene_opentargets/i0573 done depth=2 action=ACCEPT | 95.0 min elapsed
[phase2b] 30/150 gwas_causal_gene_opentargets/i0460 done depth=3 action=ACCEPT | 98.3 min elapsed
[phase2b] 31/150 gwas_causal_gene_opentargets/i0574 done depth=2 action=ACCEPT | 98.6 min elapsed
[phase2b] 32/150 gwas_causal_gene_opentargets/i0721 done depth=2 action=ACCEPT | 102.9 min elapsed
[phase2b] 33/150 gwas_causal_gene_opentargets/i0690 done depth=2 action=ACCEPT | 104.8 min elapsed
[phase2b] 34/150 gwas_causal_gene_opentargets/i0612 done depth=2 action=ACCEPT | 105.1 min elapsed
[phase2b] 35/150 gwas_causal_gene_opentargets/i0745 done depth=2 action=ACCEPT | 107.9 min elapsed
[phase2b] 36/150 gwas_causal_gene_pharmaprojects/i0207 done depth=2 action=ACCEPT | 110.7 min elapsed
[phase2b] 37/150 gwas_causal_gene_pharmaprojects/i0509 done depth=3 action=ACCEPT | 115.7 min elapsed
[phase2b] 38/150 gwas_causal_gene_pharmaprojects/i1300 done depth=4 action=ACCEPT | 122.8 min elapsed
[phase2b] 39/150 gwas_causal_gene_pharmaprojects/i0821 done depth=2 action=ACCEPT | 126.0 min elapsed
[phase2b] 40/150 gwas_causal_gene_pharmaprojects/i1250 done depth=2 action=ACCEPT | 127.1 min elapsed
[phase2b] 41/150 gwas_causal_gene_pharmaprojects/i1463 done depth=3 action=ACCEPT | 128.7 min elapsed
[phase2b] 42/150 gwas_causal_gene_pharmaprojects/i1158 done depth=2 action=ACCEPT | 130.1 min elapsed
[phase2b] 43/150 gwas_causal_gene_pharmaprojects/i1435 done depth=2 action=ACCEPT | 131.0 min elapsed
[phase2b] 44/150 gwas_causal_gene_pharmaprojects/i1572 done depth=3 action=ACCEPT | 135.2 min elapsed
[phase2b] 45/150 gwas_causal_gene_pharmaprojects/i1549 done depth=3 action=ACCEPT | 137.2 min elapsed
[phase2b] 46/150 gwas_causal_gene_pharmaprojects/i1640 done depth=3 action=ACCEPT | 147.6 min elapsed
[phase2b] 47/150 gwas_causal_gene_pharmaprojects/i0053 done depth=2 action=ACCEPT | 148.0 min elapsed
[phase2b] 48/150 gwas_variant_prioritization/i0048 done depth=2 action=ACCEPT | 150.8 min elapsed
[phase2b] 49/150 gwas_causal_gene_pharmaprojects/i1588 done depth=2 action=ACCEPT | 154.8 min elapsed
[phase2b] 50/150 gwas_causal_gene_pharmaprojects/i1645 done depth=4 action=ABSTAIN | 156.2 min elapsed
[phase2b] 51/150 gwas_causal_gene_pharmaprojects/i1612 done depth=2 action=ACCEPT | 156.7 min elapsed
[phase2b] 52/150 gwas_variant_prioritization/i0063 done depth=2 action=ACCEPT | 159.9 min elapsed
[phase2b] 53/150 gwas_variant_prioritization/i0050 done depth=3 action=ACCEPT | 160.9 min elapsed
[phase2b] 54/150 gwas_variant_prioritization/i0107 done depth=3 action=ACCEPT | 172.4 min elapsed
[phase2b] 55/150 gwas_variant_prioritization/i0130 done depth=4 action=ABSTAIN | 176.0 min elapsed
[phase2b] 56/150 gwas_variant_prioritization/i0102 done depth=4 action=ACCEPT | 176.5 min elapsed
[phase2b] 57/150 gwas_variant_prioritization/i0174 done depth=3 action=ACCEPT | 176.8 min elapsed
[phase2b] 58/150 gwas_variant_prioritization/i0121 done depth=2 action=ACCEPT | 177.1 min elapsed
[phase2b] 59/150 gwas_variant_prioritization/i0037 done depth=3 action=ACCEPT | 178.2 min elapsed
[phase2b] 60/150 gwas_variant_prioritization/i0178 done depth=2 action=ACCEPT | 182.6 min elapsed
[phase2b] 61/150 lab_bench_dbqa/i0080 done depth=3 action=ACCEPT | 183.8 min elapsed
[phase2b] 62/150 gwas_variant_prioritization/i0106 done depth=2 action=ACCEPT | 184.4 min elapsed
[phase2b] 63/150 lab_bench_dbqa/i0088 done depth=2 action=ACCEPT | 185.5 min elapsed
[phase2b] 64/150 lab_bench_dbqa/i0091 done depth=2 action=ACCEPT | 191.0 min elapsed
[phase2b] 65/150 lab_bench_dbqa/i0105 done depth=2 action=ACCEPT | 191.1 min elapsed
[phase2b] 66/150 gwas_variant_prioritization/i0087 done depth=3 action=ACCEPT | 192.7 min elapsed
[phase2b] 67/150 gwas_variant_prioritization/i0207 done depth=2 action=ACCEPT | 194.0 min elapsed
[phase2b] 68/150 lab_bench_dbqa/i0241 done depth=2 action=ACCEPT | 194.4 min elapsed
[phase2b] 69/150 gwas_variant_prioritization/i0203 done depth=2 action=ACCEPT | 200.3 min elapsed
[phase2b] 70/150 gwas_variant_prioritization/i0211 done depth=4 action=ABSTAIN | 203.0 min elapsed
[phase2b] 71/150 lab_bench_dbqa/i0401 done depth=4 action=ABSTAIN | 205.5 min elapsed
[phase2b] 72/150 lab_bench_dbqa/i0269 done depth=3 action=ACCEPT | 209.3 min elapsed
[phase2b] 73/150 lab_bench_dbqa/i0460 done depth=2 action=ACCEPT | 213.1 min elapsed
[phase2b] 74/150 lab_bench_dbqa/i0315 done depth=2 action=ACCEPT | 213.3 min elapsed
[phase2b] 75/150 lab_bench_seqqa/i0014 done depth=2 action=ACCEPT | 221.8 min elapsed
[phase2b] 76/150 lab_bench_dbqa/i0350 done depth=3 action=ACCEPT | 223.1 min elapsed
[phase2b] 77/150 lab_bench_dbqa/i0345 done depth=3 action=ACCEPT | 230.1 min elapsed
[phase2b] 78/150 lab_bench_seqqa/i0027 done depth=2 action=ACCEPT | 230.6 min elapsed
[phase2b] 79/150 lab_bench_dbqa/i0419 done depth=4 action=ABSTAIN | 233.4 min elapsed
[phase2b] 80/150 lab_bench_seqqa/i0128 done depth=4 action=ABSTAIN | 235.1 min elapsed
[phase2b] 81/150 lab_bench_dbqa/i0493 done depth=3 action=ACCEPT | 236.3 min elapsed
[phase2b] 82/150 lab_bench_seqqa/i0378 done depth=2 action=ACCEPT | 237.8 min elapsed
[phase2b] 83/150 lab_bench_seqqa/i0379 done depth=2 action=ACCEPT | 240.8 min elapsed
[phase2b] 84/150 lab_bench_seqqa/i0391 done depth=2 action=ACCEPT | 243.1 min elapsed
[phase2b] 85/150 lab_bench_seqqa/i0040 done depth=2 action=ACCEPT | 243.5 min elapsed
[phase2b] 86/150 lab_bench_dbqa/i0430 done depth=4 action=ACCEPT | 243.5 min elapsed
[phase2b] 87/150 lab_bench_seqqa/i0171 done depth=2 action=ACCEPT | 245.5 min elapsed
[phase2b] 88/150 lab_bench_seqqa/i0492 done depth=2 action=ACCEPT | 247.3 min elapsed
[phase2b] 89/150 lab_bench_dbqa/i0273 done depth=2 action=ACCEPT | 249.8 min elapsed
[phase2b] 90/150 lab_bench_seqqa/i0533 done depth=2 action=ACCEPT | 251.8 min elapsed
[phase2b] 91/150 lab_bench_seqqa/i0498 done depth=2 action=ACCEPT | 252.0 min elapsed
[phase2b] 92/150 lab_bench_seqqa/i0520 done depth=2 action=ACCEPT | 254.1 min elapsed
[phase2b] 93/150 lab_bench_seqqa/i0430 done depth=2 action=ACCEPT | 254.8 min elapsed
[phase2b] 94/150 lab_bench_seqqa/i0406 done depth=2 action=ACCEPT | 259.5 min elapsed
[phase2b] 95/150 lab_bench_seqqa/i0448 done depth=4 action=ACCEPT | 263.0 min elapsed
[phase2b] 96/150 patient_gene_detection/i0034 done depth=4 action=ACCEPT | 274.2 min elapsed
[phase2b] 97/150 patient_gene_detection/i0088 done depth=4 action=ACCEPT | 277.1 min elapsed
[phase2b] 98/150 patient_gene_detection/i0251 done depth=4 action=ACCEPT | 298.4 min elapsed
[phase2b] 99/150 patient_gene_detection/i0205 done depth=3 action=ACCEPT | 301.3 min elapsed
[phase2b] 100/150 patient_gene_detection/i0134 done depth=4 action=ACCEPT | 302.5 min elapsed
[phase2b] 101/150 patient_gene_detection/i0049 done depth=3 action=ACCEPT | 303.9 min elapsed
[phase2b] 102/150 patient_gene_detection/i0306 done depth=4 action=ABSTAIN | 308.8 min elapsed
[phase2b] 103/150 patient_gene_detection/i0264 done depth=4 action=ACCEPT | 317.6 min elapsed
[phase2b] 104/150 patient_gene_detection/i0319 done depth=2 action=ACCEPT | 318.6 min elapsed
[phase2b] 105/150 patient_gene_detection/i0259 done depth=4 action=ABSTAIN | 326.5 min elapsed
[phase2b] 106/150 patient_gene_detection/i0339 done depth=4 action=ABSTAIN | 334.4 min elapsed
[phase2b] 107/150 patient_gene_detection/i0482 done depth=2 action=ACCEPT | 342.7 min elapsed
[phase2b] 108/150 rare_disease_diagnosis/i0014 done depth=2 action=ACCEPT | 346.2 min elapsed
[phase2b] 109/150 rare_disease_diagnosis/i0001 done depth=3 action=ACCEPT | 346.2 min elapsed
[phase2b] 110/150 rare_disease_diagnosis/i0032 done depth=2 action=ACCEPT | 349.2 min elapsed
[phase2b] 111/150 patient_gene_detection/i0401 done depth=4 action=ABSTAIN | 350.4 min elapsed
[phase2b] 112/150 patient_gene_detection/i0441 done depth=4 action=ABSTAIN | 355.1 min elapsed
[phase2b] 113/150 rare_disease_diagnosis/i0048 done depth=2 action=ACCEPT | 362.2 min elapsed
[phase2b] 114/150 patient_gene_detection/i0419 done depth=4 action=ABSTAIN | 367.5 min elapsed
[phase2b] 115/150 rare_disease_diagnosis/i0063 done depth=3 action=ACCEPT | 370.4 min elapsed
[phase2b] 116/150 rare_disease_diagnosis/i0020 done depth=3 action=ACCEPT | 370.4 min elapsed
[phase2b] 117/150 rare_disease_diagnosis/i0037 done depth=3 action=ACCEPT | 370.7 min elapsed
[phase2b] 118/150 rare_disease_diagnosis/i0052 done depth=3 action=ACCEPT | 379.8 min elapsed
[phase2b] 119/150 rare_disease_diagnosis/i0075 done depth=2 action=ACCEPT | 386.5 min elapsed
[phase2b] 120/150 rare_disease_diagnosis/i0071 done depth=2 action=ACCEPT | 392.1 min elapsed
[phase2b] 121/150 rare_disease_diagnosis/i0074 done depth=2 action=ACCEPT | 392.2 min elapsed
[phase2b] 122/150 rare_disease_diagnosis/i0057 done depth=4 action=ABSTAIN | 398.4 min elapsed
[phase2b] 123/150 rare_disease_diagnosis/i0087 done depth=4 action=ABSTAIN | 408.6 min elapsed
[phase2b] 124/150 rare_disease_diagnosis/i0090 done depth=4 action=ABSTAIN | 409.1 min elapsed
[phase2b] 125/150 rare_disease_diagnosis/i0088 done depth=4 action=ABSTAIN | 418.3 min elapsed
[phase2b] 126/150 rare_disease_diagnosis/i0121 done depth=2 action=ACCEPT | 423.1 min elapsed
[phase2b] 127/150 rare_disease_diagnosis/i0132 done depth=2 action=ACCEPT | 428.5 min elapsed
[phase2b] 128/150 rare_disease_diagnosis/i0102 done depth=4 action=ABSTAIN | 431.4 min elapsed
[phase2b] 129/150 rare_disease_diagnosis/i0116 done depth=4 action=ABSTAIN | 437.0 min elapsed
[phase2b] 130/150 rare_disease_diagnosis/i0092 done depth=4 action=ABSTAIN | 443.1 min elapsed
[phase2b] 131/150 rare_disease_diagnosis/i0130 done depth=4 action=ABSTAIN | 450.2 min elapsed
[phase2b] 132/150 rare_disease_diagnosis/i0140 done depth=4 action=ACCEPT | 453.8 min elapsed
[phase2b] 133/150 rare_disease_diagnosis/i0145 done depth=2 action=ACCEPT | 457.9 min elapsed
[phase2b] 134/150 rare_disease_diagnosis/i0136 done depth=4 action=ABSTAIN | 460.5 min elapsed
[phase2b] 135/150 screen_gene_retrieval/i0048 done depth=4 action=ACCEPT | 471.1 min elapsed
[phase2b] 136/150 screen_gene_retrieval/i0013 done depth=4 action=ABSTAIN | 474.1 min elapsed
[phase2b] 137/150 screen_gene_retrieval/i0091 done depth=4 action=ABSTAIN | 479.0 min elapsed
[phase2b] 138/150 screen_gene_retrieval/i0160 done depth=4 action=ACCEPT | 479.2 min elapsed
[phase2b] 139/150 screen_gene_retrieval/i0034 done depth=3 action=ACCEPT | 481.6 min elapsed
[phase2b] 140/150 rare_disease_diagnosis/i0107 done depth=4 action=ABSTAIN | 481.8 min elapsed
[phase2b] 141/150 screen_gene_retrieval/i0166 done depth=4 action=ABSTAIN | 482.2 min elapsed
[phase2b] 142/150 screen_gene_retrieval/i0169 done depth=3 action=ACCEPT | 491.1 min elapsed
[phase2b] 143/150 screen_gene_retrieval/i0189 done depth=3 action=ACCEPT | 495.9 min elapsed
[phase2b] 144/150 screen_gene_retrieval/i0251 done depth=4 action=ABSTAIN | 501.0 min elapsed
[phase2b] 145/150 screen_gene_retrieval/i0317 done depth=4 action=ACCEPT | 504.2 min elapsed
[phase2b] 146/150 screen_gene_retrieval/i0318 done depth=4 action=ACCEPT | 504.9 min elapsed
[phase2b] 147/150 screen_gene_retrieval/i0252 done depth=4 action=ABSTAIN | 505.3 min elapsed
[phase2b] 148/150 screen_gene_retrieval/i0259 done depth=4 action=ACCEPT | 507.5 min elapsed
[phase2b] 149/150 screen_gene_retrieval/i0339 done depth=3 action=ACCEPT | 508.7 min elapsed
[phase2b] 150/150 screen_gene_retrieval/i0346 done depth=4 action=ACCEPT | 510.6 min elapsed
[phase2b] {"experiment": "phase2b", "instances_planned": 150, "instances_done": 150, "instances_stopped_at_deadline": 0, "instances_errored": 0, "elapsed_seconds": 30636.6, "deadline_tripped": false, "mean_depth": 2.893, "action_counts": {"ACCEPT": 121, "ABSTAIN": 29, "CONTINUE": 0}, "depth_counts": {"1": 0, "2": 65, "3": 36, "4": 49}, "chain_failures": [], "endpoints": ["http://c561-007.stampede3.tacc.utexas.edu:30000/v1"]}
